// Jest Snapshot v1, https://goo.gl/fbAQLP

exports[`<RepetitionBar> renders using SteadyBar components 1`] = `
.c0 {
  position: absolute;
  margin-top: -30px;
}

.c1 {
  display: -webkit-box;
  display: -webkit-flex;
  display: -ms-flexbox;
  display: flex;
  -webkit-flex-direction: row;
  -ms-flex-direction: row;
  flex-direction: row;
  -webkit-align-items: flex-end;
  -webkit-box-align: flex-end;
  -ms-flex-align: flex-end;
  align-items: flex-end;
}

<div>
  <div
    className="c0"
  >
    <button
      onClick={[Function]}
    >
      +
    </button>
    <button
      onClick={[Function]}
    >
      -
    </button>
  </div>
  <div
    className="c1"
  >
    <SteadyBar
      interval={
        Object {
          "cadence": 0,
          "id": "mock-id-2",
          "intensity": 1,
          "length": Duration {
            "seconds": 50,
          },
          "pace": 0,
          "type": "steady",
        }
      }
      mode={
        BikeMode {
          "ftp": 200,
          "lengthType": "time",
          "sportType": "bike",
          "weight": 75,
        }
      }
      onChange={[Function]}
      onClick={[Function]}
      selected={false}
      showTooltip={true}
    />
    <SteadyBar
      interval={
        Object {
          "cadence": 0,
          "id": "mock-id-3",
          "intensity": 0.5,
          "length": Duration {
            "seconds": 100,
          },
          "pace": 0,
          "type": "steady",
        }
      }
      mode={
        BikeMode {
          "ftp": 200,
          "lengthType": "time",
          "sportType": "bike",
          "weight": 75,
        }
      }
      onChange={[Function]}
      onClick={[Function]}
      selected={false}
      showTooltip={false}
    />
    <SteadyBar
      interval={
        Object {
          "cadence": 0,
          "id": "mock-id-4",
          "intensity": 1,
          "length": Duration {
            "seconds": 50,
          },
          "pace": 0,
          "type": "steady",
        }
      }
      mode={
        BikeMode {
          "ftp": 200,
          "lengthType": "time",
          "sportType": "bike",
          "weight": 75,
        }
      }
      onChange={[Function]}
      onClick={[Function]}
      selected={false}
      showTooltip={false}
    />
    <SteadyBar
      interval={
        Object {
          "cadence": 0,
          "id": "mock-id-5",
          "intensity": 0.5,
          "length": Duration {
            "seconds": 100,
          },
          "pace": 0,
          "type": "steady",
        }
      }
      mode={
        BikeMode {
          "ftp": 200,
          "lengthType": "time",
          "sportType": "bike",
          "weight": 75,
        }
      }
      onChange={[Function]}
      onClick={[Function]}
      selected={false}
      showTooltip={false}
    />
    <SteadyBar
      interval={
        Object {
          "cadence": 0,
          "id": "mock-id-6",
          "intensity": 1,
          "length": Duration {
            "seconds": 50,
          },
          "pace": 0,
          "type": "steady",
        }
      }
      mode={
        BikeMode {
          "ftp": 200,
          "lengthType": "time",
          "sportType": "bike",
          "weight": 75,
        }
      }
      onChange={[Function]}
      onClick={[Function]}
      selected={false}
      showTooltip={false}
    />
    <SteadyBar
      interval={
        Object {
          "cadence": 0,
          "id": "mock-id-7",
          "intensity": 0.5,
          "length": Duration {
            "seconds": 100,
          },
          "pace": 0,
          "type": "steady",
        }
      }
      mode={
        BikeMode {
          "ftp": 200,
          "lengthType": "time",
          "sportType": "bike",
          "weight": 75,
        }
      }
      onChange={[Function]}
      onClick={[Function]}
      selected={false}
      showTooltip={true}
    />
  </div>
</div>
`;
